[34m
Welcome to React Native v0.83[39m
Starting dev server on http://localhost:8081


                        ▒▒▓▓▓▓▒▒
                     ▒▓▓▓▒▒░░▒▒▓▓▓▒
                  ▒▓▓▓▓░░░▒▒▒▒░░░▓▓▓▓▒
                 ▓▓▒▒▒▓▓▓▓▓▓▓▓▓▓▓▓▒▒▒▓▓
                 ▓▓░░░░░▒▓▓▓▓▓▓▒░░░░░▓▓
                 ▓▓░░▓▓▒░░░▒▒░░░▒▓▒░░▓▓
                 ▓▓░░▓▓▓▓▓▒▒▒▒▓▓▓▓▒░░▓▓
                 ▓▓░░▓▓▓▓▓▓▓▓▓▓▓▓▓▒░░▓▓
                 ▓▓▒░░▒▒▓▓▓▓▓▓▓▓▒░░░▒▓▓
                  ▒▓▓▓▒░░░▒▓▓▒░░░▒▓▓▓▒
                     ▒▓▓▓▒░░░░▒▓▓▓▒
                        ▒▒▓▓▓▓▒▒


 WARN  the transform cache was reset.
                Welcome to Metro v0.83.5
              Fast - Scalable - Integrated


 INFO  [1m[7m💡 JavaScript logs have moved![22m They can now be viewed in React Native DevTools. Tip: Type [1mj[22m in the terminal to open.[27m
 INFO  Dev server ready. [2mPress Ctrl+C to exit.[22m
 INFO  Interactive mode is not supported in this environment
 BUNDLE  ./index.js ░░░░░░░░░░░░░░░░ 0% (0/1)
 BUNDLE  ./index.js ▓▓░░░░░░░░░░░░░░ 14% (12/59)
 BUNDLE  ./index.js ▓▓▓░░░░░░░░░░░░░ 20% (95/315)
 BUNDLE  ./index.js ▓▓▓▓▓▓░░░░░░░░░░ 38% (315/506)
 BUNDLE  ./index.js ▓▓▓▓▓▓▓▓▓▓░░░░░░ 63% (608/761)
 BUNDLE  ./index.js ▓▓▓▓▓▓▓▓▓▓▓▓▓░░░ 86% (785/851)
 BUNDLE  ./index.js ▓▓▓▓▓▓▓▓▓▓▓▓▓▓░░ 91% (1021/1067)
 BUNDLE  ./index.js ▓▓▓▓▓▓▓▓▓▓▓▓▓▓▓░ 99% (1307/1308)
 BUNDLE  ./index.js 
 BUNDLE  ./index.js ░░░░░░░░░░░░░░░░ 0% (0/1)
 BUNDLE  ./index.js 
